---
source: src/lexer/logos_lexer.rs
expression: "Token::lexer(code).collect::<Vec<_>>()"
---
[
    Ok(
        KeywordLet,
    ),
    Ok(
        Ident,
    ),
    Ok(
        Equal,
    ),
    Ok(
        Number,
    ),
    Ok(
        SemiColon,
    ),
    Ok(
        KeywordLet,
    ),
    Ok(
        Ident,
    ),
    Ok(
        Equal,
    ),
    Ok(
        Number,
    ),
    Ok(
        SemiColon,
    ),
    Ok(
        KeywordLet,
    ),
    Ok(
        Ident,
    ),
    Ok(
        Equal,
    ),
    Ok(
        Boolean,
    ),
    Ok(
        SemiColon,
    ),
    Ok(
        KeywordFun,
    ),
    Ok(
        Ident,
    ),
    Ok(
        LParen,
    ),
    Ok(
        Ident,
    ),
    Ok(
        Colon,
    ),
    Ok(
        KeywordUsize,
    ),
    Ok(
        Comma,
    ),
    Ok(
        Ident,
    ),
    Ok(
        Colon,
    ),
    Ok(
        KeywordUsize,
    ),
    Ok(
        RParen,
    ),
    Ok(
        SymbolReturn,
    ),
    Ok(
        KeywordUsize,
    ),
    Ok(
        LBrace,
    ),
    Ok(
        KeywordLet,
    ),
    Ok(
        Ident,
    ),
    Ok(
        Equal,
    ),
    Ok(
        Ident,
    ),
    Ok(
        Plus,
    ),
    Ok(
        Ident,
    ),
    Ok(
        SemiColon,
    ),
    Ok(
        KeywordReturn,
    ),
    Ok(
        Ident,
    ),
    Ok(
        SemiColon,
    ),
    Ok(
        RBrace,
    ),
    Ok(
        Ident,
    ),
    Ok(
        LParen,
    ),
    Ok(
        Ident,
    ),
    Ok(
        Comma,
    ),
    Ok(
        Ident,
    ),
    Ok(
        RParen,
    ),
    Ok(
        SemiColon,
    ),
]
