---
source: src/tests/test_parser.rs
expression: "Parser::new(\"\", code).parse()"
---
Ok(
    [
        Let(
            Ident(
                "val",
            ),
            None,
            Prefix(
                Plus,
                Literal(
                    UnsignedInteger(
                        454,
                    ),
                ),
            ),
        ),
    ],
)
