---
source: src/tests/test_lexer.rs
expression: "Lexer::new(\"\", source).into_iter().collect::<Vec<Token>>()"
---
[
    Token {
        type_: KeywordLet,
        pos: (
            0,
            3,
        ),
        row: 1,
        col: 3,
    },
    Token {
        type_: Identifier(
            "some_var",
        ),
        pos: (
            4,
            12,
        ),
        row: 1,
        col: 12,
    },
    Token {
        type_: Colon,
        pos: (
            12,
            13,
        ),
        row: 1,
        col: 13,
    },
    Token {
        type_: KeywordUsize,
        pos: (
            14,
            19,
        ),
        row: 1,
        col: 19,
    },
    Token {
        type_: Equal,
        pos: (
            20,
            21,
        ),
        row: 1,
        col: 21,
    },
    Token {
        type_: Usize(
            345,
        ),
        pos: (
            22,
            25,
        ),
        row: 1,
        col: 25,
    },
    Token {
        type_: Plus,
        pos: (
            26,
            27,
        ),
        row: 1,
        col: 27,
    },
    Token {
        type_: Usize(
            35353,
        ),
        pos: (
            28,
            33,
        ),
        row: 1,
        col: 33,
    },
    Token {
        type_: SemiColon,
        pos: (
            33,
            34,
        ),
        row: 1,
        col: 34,
    },
]
