---
source: src/tests/test_lexer.rs
expression: "Lexer::new(source).into_iter().collect::<Vec<Token>>()"
---
[
    Token {
        type_: KeywordFun,
        pos: (
            9,
            12,
        ),
    },
    Token {
        type_: Identifier(
            "calculate_something",
        ),
        pos: (
            13,
            32,
        ),
    },
    Token {
        type_: LParen,
        pos: (
            32,
            33,
        ),
    },
    Token {
        type_: Identifier(
            "a",
        ),
        pos: (
            33,
            34,
        ),
    },
    Token {
        type_: Colon,
        pos: (
            34,
            35,
        ),
    },
    Token {
        type_: KeywordUsize,
        pos: (
            36,
            41,
        ),
    },
    Token {
        type_: Comma,
        pos: (
            41,
            42,
        ),
    },
    Token {
        type_: Identifier(
            "b",
        ),
        pos: (
            43,
            44,
        ),
    },
    Token {
        type_: Colon,
        pos: (
            44,
            45,
        ),
    },
    Token {
        type_: KeywordUsize,
        pos: (
            46,
            51,
        ),
    },
    Token {
        type_: RParen,
        pos: (
            51,
            52,
        ),
    },
    Token {
        type_: SymbolReturn,
        pos: (
            53,
            55,
        ),
    },
    Token {
        type_: KeywordBool,
        pos: (
            56,
            60,
        ),
    },
    Token {
        type_: LBrace,
        pos: (
            61,
            62,
        ),
    },
    Token {
        type_: KeywordIf,
        pos: (
            75,
            77,
        ),
    },
    Token {
        type_: LParen,
        pos: (
            78,
            79,
        ),
    },
    Token {
        type_: Identifier(
            "a",
        ),
        pos: (
            79,
            80,
        ),
    },
    Token {
        type_: GreaterThan,
        pos: (
            80,
            81,
        ),
    },
    Token {
        type_: Identifier(
            "b",
        ),
        pos: (
            83,
            84,
        ),
    },
    Token {
        type_: RParen,
        pos: (
            84,
            85,
        ),
    },
    Token {
        type_: LBrace,
        pos: (
            86,
            87,
        ),
    },
    Token {
        type_: KeywordReturn,
        pos: (
            104,
            110,
        ),
    },
    Token {
        type_: Boolean(
            true,
        ),
        pos: (
            111,
            115,
        ),
    },
    Token {
        type_: SemiColon,
        pos: (
            115,
            116,
        ),
    },
    Token {
        type_: RBrace,
        pos: (
            129,
            130,
        ),
    },
    Token {
        type_: KeywordElse,
        pos: (
            131,
            135,
        ),
    },
    Token {
        type_: LBrace,
        pos: (
            136,
            137,
        ),
    },
    Token {
        type_: KeywordReturn,
        pos: (
            154,
            160,
        ),
    },
    Token {
        type_: Boolean(
            false,
        ),
        pos: (
            161,
            166,
        ),
    },
    Token {
        type_: SemiColon,
        pos: (
            166,
            167,
        ),
    },
    Token {
        type_: RBrace,
        pos: (
            180,
            181,
        ),
    },
    Token {
        type_: RBrace,
        pos: (
            190,
            191,
        ),
    },
]
