---
source: src/tests/test_lexer.rs
expression: "Lexer::new(\"\", code).into_iter().collect::<Vec<Token>>()"
---
[
    Token {
        type_: KeywordLet,
        pos: (
            5,
            8,
        ),
        row: 2,
        col: 8,
    },
    Token {
        type_: Identifier(
            "a",
        ),
        pos: (
            9,
            10,
        ),
        row: 2,
        col: 10,
    },
    Token {
        type_: Equal,
        pos: (
            11,
            12,
        ),
        row: 2,
        col: 12,
    },
    Token {
        type_: Usize(
            445,
        ),
        pos: (
            13,
            16,
        ),
        row: 2,
        col: 16,
    },
    Token {
        type_: SemiColon,
        pos: (
            16,
            17,
        ),
        row: 2,
        col: 17,
    },
    Token {
        type_: KeywordLet,
        pos: (
            22,
            25,
        ),
        row: 3,
        col: 8,
    },
    Token {
        type_: Identifier(
            "b",
        ),
        pos: (
            26,
            27,
        ),
        row: 3,
        col: 10,
    },
    Token {
        type_: Equal,
        pos: (
            28,
            29,
        ),
        row: 3,
        col: 12,
    },
    Token {
        type_: Usize(
            45,
        ),
        pos: (
            30,
            32,
        ),
        row: 3,
        col: 15,
    },
    Token {
        type_: SemiColon,
        pos: (
            32,
            33,
        ),
        row: 3,
        col: 16,
    },
    Token {
        type_: KeywordFun,
        pos: (
            40,
            43,
        ),
        row: 6,
        col: 8,
    },
    Token {
        type_: Identifier(
            "sum",
        ),
        pos: (
            44,
            47,
        ),
        row: 6,
        col: 12,
    },
    Token {
        type_: LParen,
        pos: (
            47,
            48,
        ),
        row: 6,
        col: 13,
    },
    Token {
        type_: Identifier(
            "a",
        ),
        pos: (
            48,
            49,
        ),
        row: 6,
        col: 14,
    },
    Token {
        type_: Colon,
        pos: (
            49,
            50,
        ),
        row: 6,
        col: 15,
    },
    Token {
        type_: KeywordUsize,
        pos: (
            51,
            56,
        ),
        row: 6,
        col: 21,
    },
    Token {
        type_: Comma,
        pos: (
            56,
            57,
        ),
        row: 6,
        col: 22,
    },
    Token {
        type_: Identifier(
            "b",
        ),
        pos: (
            58,
            59,
        ),
        row: 6,
        col: 24,
    },
    Token {
        type_: Colon,
        pos: (
            59,
            60,
        ),
        row: 6,
        col: 25,
    },
    Token {
        type_: KeywordUsize,
        pos: (
            61,
            66,
        ),
        row: 6,
        col: 31,
    },
    Token {
        type_: RParen,
        pos: (
            66,
            67,
        ),
        row: 6,
        col: 32,
    },
    Token {
        type_: SymbolReturn,
        pos: (
            68,
            70,
        ),
        row: 6,
        col: 35,
    },
    Token {
        type_: KeywordUsize,
        pos: (
            71,
            76,
        ),
        row: 6,
        col: 41,
    },
    Token {
        type_: LBrace,
        pos: (
            77,
            78,
        ),
        row: 6,
        col: 43,
    },
    Token {
        type_: KeywordLet,
        pos: (
            87,
            90,
        ),
        row: 7,
        col: 12,
    },
    Token {
        type_: Identifier(
            "c",
        ),
        pos: (
            91,
            92,
        ),
        row: 7,
        col: 14,
    },
    Token {
        type_: Equal,
        pos: (
            93,
            94,
        ),
        row: 7,
        col: 16,
    },
    Token {
        type_: Identifier(
            "a",
        ),
        pos: (
            95,
            96,
        ),
        row: 7,
        col: 18,
    },
    Token {
        type_: Plus,
        pos: (
            97,
            98,
        ),
        row: 7,
        col: 20,
    },
    Token {
        type_: Identifier(
            "b",
        ),
        pos: (
            99,
            100,
        ),
        row: 7,
        col: 22,
    },
    Token {
        type_: SemiColon,
        pos: (
            100,
            101,
        ),
        row: 7,
        col: 23,
    },
    Token {
        type_: KeywordReturn,
        pos: (
            110,
            116,
        ),
        row: 8,
        col: 15,
    },
    Token {
        type_: Identifier(
            "c",
        ),
        pos: (
            117,
            118,
        ),
        row: 8,
        col: 17,
    },
    Token {
        type_: SemiColon,
        pos: (
            118,
            119,
        ),
        row: 8,
        col: 18,
    },
    Token {
        type_: RBrace,
        pos: (
            124,
            125,
        ),
        row: 9,
        col: 6,
    },
    Token {
        type_: Identifier(
            "sum",
        ),
        pos: (
            131,
            134,
        ),
        row: 11,
        col: 8,
    },
    Token {
        type_: LParen,
        pos: (
            134,
            135,
        ),
        row: 11,
        col: 9,
    },
    Token {
        type_: Identifier(
            "a",
        ),
        pos: (
            135,
            136,
        ),
        row: 11,
        col: 10,
    },
    Token {
        type_: Comma,
        pos: (
            136,
            137,
        ),
        row: 11,
        col: 11,
    },
    Token {
        type_: Identifier(
            "b",
        ),
        pos: (
            138,
            139,
        ),
        row: 11,
        col: 13,
    },
    Token {
        type_: RParen,
        pos: (
            139,
            140,
        ),
        row: 11,
        col: 14,
    },
    Token {
        type_: SemiColon,
        pos: (
            140,
            141,
        ),
        row: 11,
        col: 15,
    },
]
