---
source: src/tests/test_lexer.rs
expression: "Lexer::new(\"\", source).into_iter().collect::<Vec<Token>>()"
---
[
    Token {
        type_: SQuote,
        pos: (
            0,
            1,
        ),
    },
    Token {
        type_: NewLine,
        pos: (
            1,
            3,
        ),
    },
    Token {
        type_: SQuote,
        pos: (
            3,
            4,
        ),
    },
]
