---
source: src/tests/test_parser.rs
expression: "&ast"
---
Ok(
    [
        Let(
            Ident(
                "a",
            ),
            None,
            Infix(
                LeftShift,
                Literal(
                    UnsignedInteger(
                        5,
                    ),
                ),
                Literal(
                    UnsignedInteger(
                        1,
                    ),
                ),
            ),
        ),
    ],
)
