---
source: src/tests/test_logos_lexer.rs
expression: "TokenKind::lexer(code).collect::<Vec<_>>()"
---
[
    Ok(
        KeywordLet,
    ),
    Ok(
        Ident,
    ),
    Ok(
        Equal,
    ),
    Ok(
        Number(
            445,
        ),
    ),
    Ok(
        SemiColon,
    ),
    Ok(
        KeywordLet,
    ),
    Ok(
        Ident,
    ),
    Ok(
        Equal,
    ),
    Ok(
        Number(
            45,
        ),
    ),
    Ok(
        SemiColon,
    ),
    Ok(
        KeywordLet,
    ),
    Ok(
        Ident,
    ),
    Ok(
        Equal,
    ),
    Ok(
        Bool(
            false,
        ),
    ),
    Ok(
        SemiColon,
    ),
    Ok(
        KeywordLet,
    ),
    Ok(
        Ident,
    ),
    Ok(
        Equal,
    ),
    Ok(
        Str(
            "this is a \\\"string",
        ),
    ),
    Ok(
        SemiColon,
    ),
    Ok(
        KeywordLet,
    ),
    Ok(
        Ident,
    ),
    Ok(
        Equal,
    ),
    Ok(
        Char(
            '\n',
        ),
    ),
    Ok(
        SemiColon,
    ),
    Ok(
        KeywordFun,
    ),
    Ok(
        Ident,
    ),
    Ok(
        LParen,
    ),
    Ok(
        Ident,
    ),
    Ok(
        Colon,
    ),
    Ok(
        KeywordUsize,
    ),
    Ok(
        Comma,
    ),
    Ok(
        Ident,
    ),
    Ok(
        Colon,
    ),
    Ok(
        KeywordUsize,
    ),
    Ok(
        RParen,
    ),
    Ok(
        SymbolReturn,
    ),
    Ok(
        KeywordUsize,
    ),
    Ok(
        LBrace,
    ),
    Ok(
        KeywordLet,
    ),
    Ok(
        Ident,
    ),
    Ok(
        Equal,
    ),
    Ok(
        Ident,
    ),
    Ok(
        Plus,
    ),
    Ok(
        Ident,
    ),
    Ok(
        SemiColon,
    ),
    Ok(
        KeywordReturn,
    ),
    Ok(
        Ident,
    ),
    Ok(
        SemiColon,
    ),
    Ok(
        RBrace,
    ),
    Ok(
        Ident,
    ),
    Ok(
        LParen,
    ),
    Ok(
        Ident,
    ),
    Ok(
        Comma,
    ),
    Ok(
        Ident,
    ),
    Ok(
        RParen,
    ),
    Ok(
        SemiColon,
    ),
]
