---
source: src/tests/test_parser.rs
expression: "Parser::new(code).parse()"
---
Ok(
    [
        Let(
            Ident(
                "something",
            ),
            Infix(
                Minus,
                Infix(
                    Plus,
                    Literal(
                        UnsignedInteger(
                            454,
                        ),
                    ),
                    Infix(
                        Multiply,
                        Literal(
                            UnsignedInteger(
                                3,
                            ),
                        ),
                        Literal(
                            UnsignedInteger(
                                4,
                            ),
                        ),
                    ),
                ),
                Literal(
                    UnsignedInteger(
                        35,
                    ),
                ),
            ),
        ),
    ],
)
